---
source: tests/model.rs
expression: model
---
name: LOTFI
row_types:
  "4": Eq
  "7": Eq
  "108": Leq
  "25": Eq
  "106": Leq
  "93": Geq
  "82": Geq
  "36": Eq
  "121": Leq
  "137": Leq
  "14": Eq
  "85": Geq
  "116": Leq
  "48": Eq
  "112": Leq
  "123": Leq
  "9": Eq
  "57": Eq
  "79": Eq
  "71": Eq
  "26": Eq
  "113": Leq
  "140": Eq
  "141": Eq
  "44": Eq
  "40": Eq
  "59": Eq
  "90": Geq
  "132": Leq
  "66": Eq
  "58": Eq
  "104": Leq
  "18": Eq
  "135": Leq
  "27": Eq
  "31": Eq
  "54": Eq
  "110": Leq
  "151": Eq
  "154": Eq
  "89": Geq
  "91": Geq
  "23": Eq
  "131": Leq
  "11": Eq
  "13": Eq
  "88": Geq
  "119": Leq
  "153": Eq
  "70": Eq
  "101": Leq
  "102": Leq
  "134": Leq
  "63": Eq
  "130": Leq
  "147": Eq
  "8": Eq
  "122": Leq
  "73": Eq
  "149": Eq
  "138": Eq
  "38": Eq
  "10": Eq
  "17": Eq
  "105": Leq
  "152": Eq
  "16": Eq
  "39": Eq
  "20": Eq
  "61": Eq
  "68": Eq
  "29": Eq
  "117": Leq
  "49": Eq
  "5": Eq
  "6": Eq
  "37": Eq
  "136": Leq
  "139": Eq
  "100": Leq
  "124": Leq
  "52": Eq
  "69": Eq
  "47": Eq
  "55": Eq
  "15": Eq
  "34": Eq
  "99": Leq
  "33": Eq
  "75": Eq
  "97": Leq
  "143": Eq
  "148": Eq
  "21": Eq
  "118": Leq
  "109": Leq
  "98": Leq
  "145": Eq
  "95": Geq
  "107": Leq
  "19": Eq
  "83": Geq
  "111": Leq
  "56": Eq
  "127": Leq
  "64": Eq
  "50": Eq
  "80": Geq
  "60": Eq
  "81": Geq
  "87": Geq
  "24": Eq
  "42": Eq
  "1": Nr
  "84": Geq
  "129": Leq
  "12": Eq
  "150": Eq
  "28": Eq
  "53": Eq
  "65": Eq
  "128": Leq
  "94": Geq
  "77": Eq
  "30": Eq
  "76": Eq
  "144": Eq
  "46": Eq
  "86": Geq
  "74": Eq
  "45": Eq
  "35": Eq
  "62": Eq
  "120": Leq
  "67": Eq
  "142": Eq
  "22": Eq
  "41": Eq
  "32": Eq
  "43": Eq
  "126": Leq
  "114": Leq
  "92": Geq
  "96": Leq
  "2": Eq
  "3": Eq
  "78": Eq
  "125": Leq
  "133": Leq
  "103": Leq
  "72": Eq
  "51": Eq
  "115": Leq
  "146": Eq
values:
  ? - "138"
    - X2111
  : -90
  ? - "151"
    - X6542
  : -1
  ? - "30"
    - AM15
  : 1
  ? - "138"
    - X3212
  : -66
  ? - "76"
    - X3342
  : 1
  ? - "138"
    - X4311
  : -48
  ? - "124"
    - X5412
  : 1
  ? - "42"
    - E35
  : 1
  ? - "151"
    - I46
  : -1
  ? - "10"
    - X3212
  : 1
  ? - "78"
    - X5543
  : 1
  ? - "7"
    - X6521
  : 1
  ? - "12"
    - X5422
  : 1
  ? - "7"
    - X6531
  : 1
  ? - "14"
    - SB31
  : 1
  ? - "139"
    - E46
  : -5.3999996
  ? - "15"
    - X2123
  : 1
  ? - "75"
    - X2243
  : 1
  ? - "138"
    - X2134
  : -90
  ? - "151"
    - I11
  : -1
  ? - "70"
    - X4331
  : 1
  ? - "149"
    - AM35
  : -1
  ? - "69"
    - X2233
  : 1
  ? - "53"
    - E44
  : -25
  ? - "151"
    - I36
  : -1
  ? - "142"
    - ZM1
  : -100
  ? - "62"
    - X1123
  : 1
  ? - "15"
    - X2223
  : 1
  ? - "143"
    - X2243
  : -1
  ? - "75"
    - X2242
  : 1
  ? - "151"
    - I25
  : -1
  ? - "143"
    - X6521
  : -1
  ? - "145"
    - SB11
  : -1
  ? - "65"
    - I24
  : 1
  ? - "138"
    - X5534
  : -36
  ? - "69"
    - X2231
  : 1
  ? - "13"
    - X6642
  : 1
  ? - "139"
    - E15
  : -6.5999994
  ? - "53"
    - E24
  : -25
  ? - "145"
    - SB12
  : -1
  ? - "151"
    - X4311
  : -1
  ? - "113"
    - E36
  : -45
  ? - "114"
    - E41
  : -100
  ? - "71"
    - X5433
  : 1
  ? - "6"
    - X5421
  : 1
  ? - "47"
    - E34
  : -1
  ? - "5"
    - X4331
  : 1
  ? - "141"
    - AP34
  : -10
  ? - "143"
    - X4343
  : -1
  ? - "153"
    - SP5
  : -1
  ? - "138"
    - X2121
  : -90
  ? - "75"
    - I42
  : 1
  ? - "140"
    - O45
  : -18.149994
  ? - "143"
    - X4443
  : -1
  ? - "145"
    - SB35
  : -1
  ? - "140"
    - O24
  : -22.279999
  ? - "138"
    - X2143
  : -90
  ? - "78"
    - I45
  : 1
  ? - "149"
    - AM15
  : -1
  ? - "147"
    - AP33
  : -1
  ? - "51"
    - SP2
  : 1
  ? - "138"
    - X6523
  : -30
  ? - "117"
    - E44
  : -90
  ? - "77"
    - O44
  : -1
  ? - "5"
    - X4411
  : 1
  ? - "145"
    - SB23
  : -1
  ? - "2"
    - X1131
  : 1
  ? - "151"
    - X2143
  : -1
  ? - "64"
    - O23
  : -1
  ? - "138"
    - X2233
  : -90
  ? - "53"
    - E14
  : -25
  ? - "60"
    - O15
  : -1
  ? - "138"
    - X3344
  : -66
  ? - "66"
    - X6522
  : 1
  ? - "64"
    - D23
  : 1
  ? - "60"
    - X5512
  : 1
  ? - "1"
    - Z7
  : 1
  ? - "16"
    - X3343
  : 1
  ? - "98"
    - O13
  : 1
  ? - "83"
    - E42
  : 1
  ? - "123"
    - X4412
  : 1
  ? - "89"
    - E26
  : -0.3333
  ? - "79"
    - I46
  : 1
  ? - "8"
    - X1122
  : 1
  ? - "9"
    - X2112
  : 1
  ? - "87"
    - E46
  : -0.08329999
  ? - "138"
    - X4321
  : -48
  ? - "130"
    - X5523
  : 1
  ? - "66"
    - I25
  : 1
  ? - "151"
    - X6534
  : -1
  ? - "138"
    - X1121
  : -135
  ? - "138"
    - X4423
  : -48
  ? - "64"
    - X3322
  : 1
  ? - "13"
    - SB26
  : 1
  ? - "59"
    - O14
  : -1
  ? - "68"
    - X1132
  : 1
  ? - "36"
    - AM25
  : 1
  ? - "4"
    - X3331
  : 1
  ? - "5"
    - X4421
  : 1
  ? - "11"
    - SB24
  : 1
  ? - "151"
    - X4342
  : -1
  ? - "44"
    - E41
  : 1
  ? - "76"
    - I43
  : 1
  ? - "95"
    - E45
  : 1
  ? - "151"
    - X4312
  : -1
  ? - "85"
    - E24
  : -0.08329999
  ? - "55"
    - E26
  : -20
  ? - "138"
    - X5423
  : -36
  ? - "138"
    - X3211
  : -66
  ? - "34"
    - AM23
  : 1
  ? - "151"
    - X3231
  : -1
  ? - "139"
    - E24
  : -8.099999
  ? - "138"
    - X6621
  : -30
  ? - "28"
    - AP13
  : -1
  ? - "145"
    - SB15
  : -1
  ? - "145"
    - SB31
  : -1
  ? - "135"
    - X4434
  : 1
  ? - "42"
    - E25
  : -1
  ? - "143"
    - X2131
  : -1
  ? - "62"
    - X2123
  : 1
  ? - "69"
    - X3231
  : 1
  ? - "131"
    - X6623
  : 1
  ? - "141"
    - AP26
  : -2
  ? - "143"
    - X1131
  : -1
  ? - "25"
    - X6544
  : 1
  ? - "138"
    - X4421
  : -48
  ? - "60"
    - X6512
  : 1
  ? - "8"
    - X1132
  : 1
  ? - "73"
    - O36
  : -1
  ? - "30"
    - AP15
  : -1
  ? - "147"
    - AP14
  : -1
  ? - "72"
    - I35
  : 1
  ? - "63"
    - X2222
  : 1
  ? - "22"
    - X3234
  : 1
  ? - "35"
    - E24
  : 1
  ? - "93"
    - E25
  : 1
  ? - "67"
    - E26
  : -470
  ? - "138"
    - X1123
  : -135
  ? - "64"
    - E23
  : -368.75
  ? - "133"
    - X2234
  : 1
  ? - "138"
    - X3223
  : -66
  ? - "12"
    - X5412
  : 1
  ? - "55"
    - D36
  : 1
  ? - "102"
    - O21
  : 1
  ? - "10"
    - SB23
  : 1
  ? - "75"
    - X3244
  : 1
  ? - "52"
    - D33
  : 1
  ? - "143"
    - X5431
  : -1
  ? - "77"
    - X4443
  : 1
  ? - "59"
    - X5412
  : 1
  ? - "75"
    - O42
  : -1
  ? - "141"
    - AM44
  : -30
  ? - "146"
    - SUM31
  : -1
  ? - "12"
    - X5442
  : 1
  ? - "143"
    - X4321
  : -1
  ? - "138"
    - X5543
  : -36
  ? - "70"
    - D33
  : 1
  ? - "54"
    - D25
  : 1
  ? - "80"
    - E12
  : 1
  ? - "143"
    - X6642
  : -1
  ? - "4"
    - X3211
  : 1
  ? - "19"
    - X6643
  : 1
  ? - "151"
    - X5434
  : -1
  ? - "40"
    - AM33
  : 1
  ? - "50"
    - E11
  : -10
  ? - "138"
    - X5531
  : -36
  ? - "65"
    - X4421
  : 1
  ? - "147"
    - AP24
  : -1
  ? - "43"
    - E36
  : 1
  ? - "53"
    - D14
  : 1
  ? - "138"
    - X1134
  : -135
  ? - "103"
    - O22
  : 1
  ? - "141"
    - AP45
  : -5
  ? - "62"
    - D21
  : 1
  ? - "141"
    - AP43
  : -20
  ? - "35"
    - AP24
  : -1
  ? - "5"
    - X4431
  : 1
  ? - "139"
    - E43
  : -12
  ? - "11"
    - X4432
  : 1
  ? - "10"
    - X3222
  : 1
  ? - "51"
    - D12
  : 1
  ? - "138"
    - X5433
  : -36
  ? - "21"
    - X2134
  : 1
  ? - "139"
    - E33
  : -12
  ? - "64"
    - X3321
  : 1
  ? - "144"
    - Z2
  : 1
  ? - "3"
    - X2231
  : 1
  ? - "143"
    - X3321
  : -1
  ? - "46"
    - E43
  : 1
  ? - "14"
    - X1133
  : 1
  ? - "31"
    - E16
  : 1
  ? - "55"
    - D16
  : 1
  ? - "70"
    - X3332
  : 1
  ? - "77"
    - X4442
  : 1
  ? - "22"
    - X3334
  : 1
  ? - "116"
    - E43
  : -70
  ? - "53"
    - SP4
  : 1
  ? - "82"
    - E33
  : -0.0192
  ? - "22"
    - X3244
  : 1
  ? - "23"
    - X4444
  : 1
  ? - "40"
    - AP33
  : -1
  ? - "7"
    - X6631
  : 1
  ? - "96"
    - E11
  : -100
  ? - "4"
    - SB13
  : 1
  ? - "17"
    - X4333
  : 1
  ? - "139"
    - E41
  : -37.5
  ? - "141"
    - AM36
  : -6
  ? - "117"
    - O44
  : 1
  ? - "61"
    - X6612
  : 1
  ? - "75"
    - D42
  : 1
  ? - "79"
    - X6642
  : 1
  ? - "60"
    - E15
  : -470
  ? - "151"
    - X3242
  : -1
  ? - "99"
    - O14
  : 1
  ? - "57"
    - X2211
  : 1
  ? - "149"
    - AM36
  : -1
  ? - "151"
    - I34
  : -1
  ? - "48"
    - E45
  : 1
  ? - "145"
    - SB42
  : -1
  ? - "54"
    - E15
  : -20
  ? - "4"
    - X3311
  : 1
  ? - "138"
    - X5512
  : -36
  ? - "13"
    - X6622
  : 1
  ? - "1"
    - Z4
  : 1
  ? - "79"
    - D46
  : 1
  ? - "141"
    - AM24
  : -30
  ? - "82"
    - E32
  : 1
  ? - "138"
    - X5431
  : -36
  ? - "9"
    - X2142
  : 1
  ? - "29"
    - AP14
  : -1
  ? - "153"
    - SP2
  : -1
  ? - "121"
    - X2112
  : 1
  ? - "151"
    - X5443
  : -1
  ? - "60"
    - I15
  : 1
  ? - "147"
    - AP35
  : -1
  ? - "151"
    - X6511
  : -1
  ? - "18"
    - SB35
  : 1
  ? - "151"
    - X3212
  : -1
  ? - "138"
    - X5442
  : -36
  ? - "97"
    - E12
  : -112.5
  ? - "9"
    - X2222
  : 1
  ? - "78"
    - X6543
  : 1
  ? - "138"
    - X4433
  : -48
  ? - "138"
    - X3234
  : -66
  ? - "59"
    - E14
  : -475
  ? - "149"
    - AM25
  : -1
  ? - "143"
    - X5532
  : -1
  ? - "130"
    - X5423
  : 1
  ? - "63"
    - X2223
  : 1
  ? - "138"
    - X3323
  : -66
  ? - "22"
    - X3344
  : 1
  ? - "77"
    - E44
  : -475
  ? - "1"
    - ZM1
  : 1
  ? - "143"
    - X1132
  : -1
  ? - "91"
    - E45
  : -0.3333
  ? - "64"
    - X4321
  : 1
  ? - "6"
    - X5411
  : 1
  ? - "132"
    - X1134
  : 1
  ? - "136"
    - X5534
  : 1
  ? - "71"
    - X4432
  : 1
  ? - "51"
    - E22
  : -10
  ? - "65"
    - E24
  : -475
  ? - "147"
    - AP25
  : -1
  ? - "54"
    - D45
  : 1
  ? - "49"
    - AM46
  : 1
  ? - "12"
    - X5432
  : 1
  ? - "151"
    - X3234
  : -1
  ? - "143"
    - X3342
  : -1
  ? - "141"
    - AM45
  : -15
  ? - "119"
    - O46
  : 1
  ? - "138"
    - X3232
  : -66
  ? - "8"
    - X1112
  : 1
  ? - "9"
    - X2122
  : 1
  ? - "59"
    - I14
  : 1
  ? - "138"
    - X4411
  : -48
  ? - "140"
    - O35
  : -18.149994
  ? - "151"
    - I45
  : -1
  ? - "145"
    - SB13
  : -1
  ? - "153"
    - SP3
  : -1
  ? - "2"
    - X1121
  : 1
  ? - "92"
    - E16
  : -0.5
  ? - "138"
    - X2232
  : -90
  ? - "141"
    - AP25
  : -5
  ? - "50"
    - E41
  : -10
  ? - "76"
    - X4344
  : 1
  ? - "140"
    - O36
  : -14.849999
  ? - "153"
    - SP6
  : -1
  ? - "145"
    - SB25
  : -1
  ? - "55"
    - E16
  : -20
  ? - "143"
    - X6542
  : -1
  ? - "149"
    - AM14
  : -1
  ? - "138"
    - X5522
  : -36
  ? - "151"
    - X5432
  : -1
  ? - "151"
    - X6521
  : -1
  ? - "108"
    - O31
  : 1
  ? - "62"
    - X1122
  : 1
  ? - "85"
    - E23
  : 1
  ? - "138"
    - X2234
  : -90
  ? - "22"
    - SB43
  : 1
  ? - "80"
    - E13
  : -0.0192
  ? - "71"
    - I34
  : 1
  ? - "58"
    - X3311
  : 1
  ? - "70"
    - X3334
  : 1
  ? - "138"
    - X5432
  : -36
  ? - "125"
    - X6512
  : 1
  ? - "77"
    - X5443
  : 1
  ? - "138"
    - X3244
  : -66
  ? - "151"
    - I13
  : -1
  ? - "105"
    - O24
  : 1
  ? - "151"
    - SUM61
  : 1000
  ? - "138"
    - X6633
  : -30
  ? - "138"
    - X6544
  : -30
  ? - "138"
    - X3243
  : -66
  ? - "143"
    - X2232
  : -1
  ? - "151"
    - X5444
  : -1
  ? - "58"
    - X3312
  : 1
  ? - "151"
    - X3222
  : -1
  ? - "14"
    - X1123
  : 1
  ? - "121"
    - X2212
  : 1
  ? - "138"
    - X6543
  : -30
  ? - "143"
    - X3242
  : -1
  ? - "24"
    - X5434
  : 1
  ? - "147"
    - AP46
  : -1
  ? - "151"
    - X4321
  : -1
  ? - "70"
    - X4334
  : 1
  ? - "138"
    - X5511
  : -36
  ? - "51"
    - D42
  : 1
  ? - "82"
    - E35
  : -0.0192
  ? - "143"
    - X5443
  : -1
  ? - "141"
    - AM15
  : -15
  ? - "17"
    - X4423
  : 1
  ? - "139"
    - E11
  : -37.5
  ? - "141"
    - AM43
  : -60
  ? - "150"
    - SUM51
  : -1
  ? - "72"
    - X5532
  : 1
  ? - "55"
    - E46
  : -20
  ? - "44"
    - E31
  : -1
  ? - "143"
    - X4342
  : -1
  ? - "51"
    - D22
  : 1
  ? - "13"
    - X6612
  : 1
  ? - "41"
    - AP34
  : -1
  ? - "139"
    - E42
  : -25.5
  ? - "21"
    - X2244
  : 1
  ? - "5"
    - SB14
  : 1
  ? - "138"
    - X6542
  : -30
  ? - "72"
    - E35
  : -470
  ? - "67"
    - X6621
  : 1
  ? - "143"
    - X2143
  : -1
  ? - "141"
    - AP24
  : -10
  ? - "125"
    - X6612
  : 1
  ? - "17"
    - X4343
  : 1
  ? - "46"
    - AP43
  : -1
  ? - "145"
    - SB16
  : -1
  ? - "95"
    - E46
  : -0.5
  ? - "20"
    - X1134
  : 1
  ? - "27"
    - E12
  : 1
  ? - "138"
    - X6632
  : -30
  ? - "55"
    - SP6
  : 1
  ? - "56"
    - O11
  : -1
  ? - "68"
    - X2133
  : 1
  ? - "32"
    - E11
  : -1
  ? - "138"
    - X6612
  : -30
  ? - "149"
    - AM16
  : -1
  ? - "37"
    - AM26
  : 1
  ? - "138"
    - X5443
  : -36
  ? - "139"
    - E32
  : -25.5
  ? - "78"
    - D45
  : 1
  ? - "146"
    - Z3
  : 1
  ? - "16"
    - X3233
  : 1
  ? - "143"
    - X3343
  : -1
  ? - "53"
    - E34
  : -25
  ? - "138"
    - X3332
  : -66
  ? - "140"
    - O46
  : -14.849999
  ? - "141"
    - AM26
  : -6
  ? - "151"
    - X6522
  : -1
  ? - "138"
    - X6511
  : -30
  ? - "20"
    - X1144
  : 1
  ? - "49"
    - AP46
  : -1
  ? - "101"
    - O16
  : 1
  ? - "62"
    - X2121
  : 1
  ? - "74"
    - X2144
  : 1
  ? - "151"
    - X2123
  : -1
  ? - "151"
    - I24
  : -1
  ? - "128"
    - X3223
  : 1
  ? - "69"
    - E32
  : -235
  ? - "51"
    - D32
  : 1
  ? - "70"
    - X4332
  : 1
  ? - "143"
    - X4442
  : -1
  ? - "143"
    - X5432
  : -1
  ? - "60"
    - D15
  : 1
  ? - "151"
    - X5433
  : -1
  ? - "139"
    - E35
  : -6.5999994
  ? - "25"
    - X6644
  : 1
  ? - "34"
    - E23
  : 1
  ? - "45"
    - E42
  : 1
  ? - "138"
    - X4434
  : -48
  ? - "82"
    - E34
  : -0.0192
  ? - "15"
    - X2243
  : 1
  ? - "138"
    - X1143
  : -135
  ? - "107"
    - E26
  : -45
  ? - "74"
    - X1144
  : 1
  ? - "77"
    - I44
  : 1
  ? - "145"
    - SB44
  : -1
  ? - "65"
    - X4422
  : 1
  ? - "138"
    - X4422
  : -48
  ? - "6"
    - X5531
  : 1
  ? - "37"
    - AP26
  : -1
  ? - "41"
    - AM34
  : 1
  ? - "139"
    - E23
  : -12
  ? - "66"
    - X5523
  : 1
  ? - "110"
    - O33
  : 1
  ? - "16"
    - X3333
  : 1
  ? - "61"
    - E16
  : -470
  ? - "9"
    - X2232
  : 1
  ? - "141"
    - AM46
  : -6
  ? - "55"
    - E36
  : -20
  ? - "143"
    - X6531
  : -1
  ? - "77"
    - X5442
  : 1
  ? - "43"
    - AM36
  : 1
  ? - "142"
    - ZP1
  : 100
  ? - "90"
    - E36
  : -0.3333
  ? - "72"
    - X6531
  : 1
  ? - "138"
    - X4432
  : -48
  ? - "66"
    - X5521
  : 1
  ? - "68"
    - D31
  : 1
  ? - "151"
    - X6523
  : -1
  ? - "66"
    - D25
  : 1
  ? - "68"
    - X1133
  : 1
  ? - "56"
    - E11
  : -210
  ? - "84"
    - E13
  : 1
  ? - "151"
    - X2111
  : -1
  ? - "151"
    - X4332
  : -1
  ? - "36"
    - AP25
  : -1
  ? - "143"
    - X2121
  : -1
  ? - "141"
    - AM14
  : -30
  ? - "39"
    - E22
  : -1
  ? - "138"
    - X6531
  : -30
  ? - "151"
    - X6544
  : -1
  ? - "138"
    - X1132
  : -135
  ? - "143"
    - X3221
  : -1
  ? - "129"
    - X4323
  : 1
  ? - "151"
    - X6533
  : -1
  ? - "25"
    - SB46
  : 1
  ? - "141"
    - AM33
  : -60
  ? - "143"
    - X3243
  : -1
  ? - "64"
    - X3323
  : 1
  ? - "54"
    - SP5
  : 1
  ? - "138"
    - X1142
  : -135
  ? - "143"
    - X1142
  : -1
  ? - "13"
    - X6632
  : 1
  ? - "138"
    - X5411
  : -36
  ? - "115"
    - O42
  : 1
  ? - "138"
    - X4333
  : -48
  ? - "141"
    - SUM14
  : 1
  ? - "142"
    - SUM13
  : 1
  ? - "65"
    - X5421
  : 1
  ? - "10"
    - X3232
  : 1
  ? - "101"
    - E16
  : -45
  ? - "86"
    - E34
  : -0.08329999
  ? - "21"
    - X2144
  : 1
  ? - "141"
    - AP16
  : -2
  ? - "138"
    - X3233
  : -66
  ? - "88"
    - E15
  : -0.3333
  ? - "143"
    - X5521
  : -1
  ? - "138"
    - X6533
  : -30
  ? - "151"
    - I16
  : -1
  ? - "84"
    - E14
  : -0.08329999
  ? - "51"
    - E32
  : -10
  ? - "54"
    - E45
  : -20
  ? - "62"
    - I21
  : 1
  ? - "147"
    - AP23
  : -1
  ? - "74"
    - X1142
  : 1
  ? - "151"
    - X3233
  : -1
  ? - "138"
    - X4444
  : -48
  ? - "151"
    - X2112
  : -1
  ? - "141"
    - AP46
  : -2
  ? - "127"
    - X2223
  : 1
  ? - "151"
    - I31
  : -1
  ? - "143"
    - X4432
  : -1
  ? - "139"
    - E34
  : -8.099999
  ? - "143"
    - X4332
  : -1
  ? - "69"
    - X3233
  : 1
  ? - "3"
    - X2131
  : 1
  ? - "56"
    - I11
  : 1
  ? - "61"
    - I16
  : 1
  ? - "71"
    - O34
  : -1
  ? - "138"
    - X6631
  : -30
  ? - "72"
    - X5534
  : 1
  ? - "24"
    - X5444
  : 1
  ? - "48"
    - E35
  : -1
  ? - "15"
    - X2133
  : 1
  ? - "145"
    - SB34
  : -1
  ? - "138"
    - X4442
  : -48
  ? - "50"
    - D31
  : 1
  ? - "52"
    - D13
  : 1
  ? - "35"
    - AM24
  : 1
  ? - "53"
    - D24
  : 1
  ? - "138"
    - X3331
  : -66
  ? - "147"
    - AP43
  : -1
  ? - "38"
    - E21
  : -1
  ? - "62"
    - O21
  : -1
  ? - "151"
    - X6512
  : -1
  ? - "7"
    - X6511
  : 1
  ? - "138"
    - X2244
  : -90
  ? - "29"
    - AM14
  : 1
  ? - "105"
    - E24
  : -90
  ? - "2"
    - SB11
  : 1
  ? - "151"
    - X6543
  : -1
  ? - "143"
    - X6621
  : -1
  ? - "138"
    - X6611
  : -30
  ? - "5"
    - X4321
  : 1
  ? - "94"
    - E35
  : 1
  ? - "73"
    - X6634
  : 1
  ? - "83"
    - E44
  : -0.0192
  ? - "143"
    - SUM21
  : 1000
  ? - "19"
    - X6523
  : 1
  ? - "75"
    - X3242
  : 1
  ? - "151"
    - X6531
  : -1
  ? - "150"
    - Z5
  : 1
  ? - "8"
    - X1142
  : 1
  ? - "143"
    - X6543
  : -1
  ? - "145"
    - SB41
  : -1
  ? - "68"
    - X2134
  : 1
  ? - "31"
    - AP16
  : -1
  ? - "151"
    - I26
  : -1
  ? - "140"
    - O34
  : -22.279999
  ? - "143"
    - X2221
  : -1
  ? - "40"
    - E33
  : 1
  ? - "140"
    - O14
  : -22.279999
  ? - "47"
    - AP44
  : -1
  ? - "141"
    - AM23
  : -60
  ? - "137"
    - X6634
  : 1
  ? - "140"
    - O44
  : -22.279999
  ? - "145"
    - SB46
  : -1
  ? - "71"
    - E34
  : -475
  ? - "56"
    - X2112
  : 1
  ? - "138"
    - X6521
  : -30
  ? - "138"
    - X4343
  : -48
  ? - "86"
    - E36
  : -0.08329999
  ? - "16"
    - X3243
  : 1
  ? - "98"
    - E13
  : -70
  ? - "19"
    - X6533
  : 1
  ? - "109"
    - E32
  : -112.5
  ? - "88"
    - E14
  : 1
  ? - "143"
    - X2132
  : -1
  ? - "73"
    - X6632
  : 1
  ? - "46"
    - E33
  : -1
  ? - "6"
    - X5521
  : 1
  ? - "74"
    - X1143
  : 1
  ? - "9"
    - X2212
  : 1
  ? - "151"
    - X4323
  : -1
  ? - "151"
    - I23
  : -1
  ? - "58"
    - I13
  : 1
  ? - "56"
    - X1111
  : 1
  ? - "151"
    - X5411
  : -1
  ? - "72"
    - X5533
  : 1
  ? - "12"
    - SB25
  : 1
  ? - "138"
    - X2222
  : -90
  ? - "131"
    - X6523
  : 1
  ? - "147"
    - AP13
  : -1
  ? - "25"
    - X6634
  : 1
  ? - "66"
    - X5522
  : 1
  ? - "70"
    - X4333
  : 1
  ? - "3"
    - X2221
  : 1
  ? - "138"
    - X4344
  : -48
  ? - "141"
    - AP35
  : -5
  ? - "138"
    - X3242
  : -66
  ? - "89"
    - E25
  : -0.3333
  ? - "96"
    - O11
  : 1
  ? - "153"
    - SUM71
  : 100
  ? - "69"
    - D32
  : 1
  ? - "141"
    - AM25
  : -15
  ? - "13"
    - X6542
  : 1
  ? - "138"
    - X3321
  : -66
  ? - "120"
    - X1112
  : 1
  ? - "76"
    - X3343
  : 1
  ? - "2"
    - X1111
  : 1
  ? - "139"
    - E13
  : -12
  ? - "151"
    - X2132
  : -1
  ? - "102"
    - E21
  : -100
  ? - "69"
    - O32
  : -1
  ? - "71"
    - X4431
  : 1
  ? - "51"
    - E42
  : -10
  ? - "6"
    - SB15
  : 1
  ? - "84"
    - E16
  : -0.08329999
  ? - "151"
    - X5442
  : -1
  ? - "1"
    - ZP1
  : -1
  ? - "151"
    - X4331
  : -1
  ? - "63"
    - X3222
  : 1
  ? - "138"
    - X5542
  : -36
  ? - "138"
    - X1133
  : -135
  ? - "33"
    - E12
  : -1
  ? - "110"
    - E33
  : -70
  ? - "90"
    - E34
  : 1
  ? - "46"
    - AM43
  : 1
  ? - "138"
    - X2112
  : -90
  ? - "67"
    - O26
  : -1
  ? - "12"
    - X5512
  : 1
  ? - "73"
    - I36
  : 1
  ? - "15"
    - X2233
  : 1
  ? - "138"
    - X4332
  : -48
  ? - "23"
    - X4334
  : 1
  ? - "49"
    - E46
  : 1
  ? - "26"
    - E11
  : 1
  ? - "18"
    - X5443
  : 1
  ? - "52"
    - E23
  : -18.75
  ? - "18"
    - X5433
  : 1
  ? - "149"
    - AM46
  : -1
  ? - "152"
    - Z6
  : 1
  ? - "138"
    - X6532
  : -30
  ? - "7"
    - X6611
  : 1
  ? - "138"
    - X4323
  : -48
  ? - "17"
    - X4433
  : 1
  ? - "73"
    - D36
  : 1
  ? - "151"
    - X4344
  : -1
  ? - "40"
    - E23
  : -1
  ? - "138"
    - X6644
  : -30
  ? - "138"
    - X4331
  : -48
  ? - "10"
    - X3312
  : 1
  ? - "32"
    - E21
  : 1
  ? - "138"
    - X5532
  : -36
  ? - "57"
    - E12
  : -235
  ? - "141"
    - AP15
  : -5
  ? - "33"
    - E22
  : 1
  ? - "151"
    - I32
  : -1
  ? - "128"
    - X3323
  : 1
  ? - "69"
    - X2234
  : 1
  ? - "60"
    - X6511
  : 1
  ? - "79"
    - X6644
  : 1
  ? - "107"
    - O26
  : 1
  ? - "141"
    - AM13
  : -60
  ? - "21"
    - SB42
  : 1
  ? - "138"
    - X1122
  : -135
  ? - "57"
    - D12
  : 1
  ? - "71"
    - X5432
  : 1
  ? - "111"
    - O34
  : 1
  ? - "74"
    - O41
  : -1
  ? - "114"
    - O41
  : 1
  ? - "147"
    - AP44
  : -1
  ? - "141"
    - AP44
  : -10
  ? - "141"
    - AM34
  : -30
  ? - "138"
    - X2242
  : -90
  ? - "68"
    - X1134
  : 1
  ? - "143"
    - X4431
  : -1
  ? - "11"
    - X4312
  : 1
  ? - "76"
    - D43
  : 1
  ? - "138"
    - X2123
  : -90
  ? - "11"
    - X4422
  : 1
  ? - "52"
    - E33
  : -18.75
  ? - "7"
    - SB16
  : 1
  ? - "81"
    - E23
  : -0.0192
  ? - "138"
    - X6623
  : -30
  ? - "99"
    - E14
  : -90
  ? - "149"
    - AM34
  : -1
  ? - "138"
    - SUM11
  : 1000
  ? - "31"
    - AM16
  : 1
  ? - "104"
    - E23
  : -70
  ? - "63"
    - X3221
  : 1
  ? - "69"
    - X3234
  : 1
  ? - "90"
    - E35
  : -0.3333
  ? - "76"
    - X3344
  : 1
  ? - "13"
    - X6512
  : 1
  ? - "10"
    - X3342
  : 1
  ? - "7"
    - X6621
  : 1
  ? - "138"
    - X3311
  : -66
  ? - "68"
    - X2132
  : 1
  ? - "10"
    - X3322
  : 1
  ? - "36"
    - E15
  : -1
  ? - "64"
    - I23
  : 1
  ? - "147"
    - AP15
  : -1
  ? - "118"
    - E45
  : -90
  ? - "124"
    - X5512
  : 1
  ? - "24"
    - SB45
  : 1
  ? - "100"
    - E15
  : -90
  ? - "138"
    - X6522
  : -30
  ? - "72"
    - X5531
  : 1
  ? - "151"
    - X2144
  : -1
  ? - "3"
    - SB12
  : 1
  ? - "119"
    - E46
  : -45
  ? - "140"
    - O15
  : -18.149994
  ? - "151"
    - X5431
  : -1
  ? - "73"
    - X6633
  : 1
  ? - "103"
    - E22
  : -112.5
  ? - "138"
    - X2131
  : -90
  ? - "104"
    - O23
  : 1
  ? - "28"
    - AM13
  : 1
  ? - "91"
    - E44
  : 1
  ? - "86"
    - E35
  : -0.08329999
  ? - "138"
    - X3222
  : -66
  ? - "54"
    - D35
  : 1
  ? - "147"
    - AP45
  : -1
  ? - "75"
    - X3243
  : 1
  ? - "149"
    - SUM51
  : 1
  ? - "36"
    - E25
  : 1
  ? - "138"
    - X6534
  : -30
  ? - "11"
    - X4342
  : 1
  ? - "4"
    - X3221
  : 1
  ? - "138"
    - X2211
  : -90
  ? - "138"
    - X3231
  : -66
  ? - "52"
    - D23
  : 1
  ? - "78"
    - O45
  : -1
  ? - "24"
    - X5544
  : 1
  ? - "62"
    - E21
  : -210
  ? - "59"
    - X4412
  : 1
  ? - "72"
    - X6532
  : 1
  ? - "151"
    - I42
  : -1
  ? - "61"
    - O16
  : -1
  ? - "12"
    - X5522
  : 1
  ? - "50"
    - E21
  : -10
  ? - "48"
    - AP45
  : -1
  ? - "139"
    - E31
  : -37.5
  ? - "141"
    - AP36
  : -2
  ? - "65"
    - X4423
  : 1
  ? - "79"
    - X6643
  : 1
  ? - "147"
    - AP26
  : -1
  ? - "143"
    - X1121
  : -1
  ? - "18"
    - X5523
  : 1
  ? - "147"
    - AP36
  : -1
  ? - "72"
    - D35
  : 1
  ? - "94"
    - E36
  : -0.5
  ? - "76"
    - X4342
  : 1
  ? - "69"
    - I32
  : 1
  ? - "17"
    - SB34
  : 1
  ? - "54"
    - E35
  : -20
  ? - "151"
    - X3243
  : -1
  ? - "147"
    - AP34
  : -1
  ? - "59"
    - X4411
  : 1
  ? - "143"
    - X3331
  : -1
  ? - "62"
    - X2122
  : 1
  ? - "126"
    - X1123
  : 1
  ? - "65"
    - D24
  : 1
  ? - "4"
    - X3231
  : 1
  ? - "60"
    - X5511
  : 1
  ? - "143"
    - X3232
  : -1
  ? - "56"
    - D11
  : 1
  ? - "13"
    - X6522
  : 1
  ? - "87"
    - E43
  : 1
  ? - "138"
    - X4312
  : -48
  ? - "82"
    - E36
  : -0.0192
  ? - "151"
    - X6532
  : -1
  ? - "84"
    - E15
  : -0.08329999
  ? - "66"
    - X6521
  : 1
  ? - "138"
    - X1131
  : -135
  ? - "143"
    - X2231
  : -1
  ? - "139"
    - E16
  : -5.3999996
  ? - "151"
    - I14
  : -1
  ? - "43"
    - E26
  : -1
  ? - "143"
    - X6632
  : -1
  ? - "74"
    - X2143
  : 1
  ? - "71"
    - X4433
  : 1
  ? - "15"
    - X2143
  : 1
  ? - "19"
    - X6623
  : 1
  ? - "142"
    - SUM11
  : -1
  ? - "67"
    - D26
  : 1
  ? - "143"
    - X3231
  : -1
  ? - "54"
    - E25
  : -20
  ? - "10"
    - X3242
  : 1
  ? - "151"
    - I22
  : -1
  ? - "1"
    - Z6
  : 1
  ? - "143"
    - X4331
  : -1
  ? - "70"
    - O33
  : -1
  ? - "42"
    - AM35
  : 1
  ? - "138"
    - X4334
  : -48
  ? - "81"
    - E24
  : -0.0192
  ? - "78"
    - E45
  : -470
  ? - "151"
    - X3223
  : -1
  ? - "58"
    - X4312
  : 1
  ? - "127"
    - X2123
  : 1
  ? - "52"
    - E13
  : -18.75
  ? - "138"
    - X2243
  : -90
  ? - "76"
    - E43
  : -368.75
  ? - "151"
    - X5412
  : -1
  ? - "56"
    - X1112
  : 1
  ? - "151"
    - X2131
  : -1
  ? - "122"
    - X3212
  : 1
  ? - "57"
    - X3212
  : 1
  ? - "16"
    - X3223
  : 1
  ? - "116"
    - O43
  : 1
  ? - "43"
    - AP36
  : -1
  ? - "57"
    - X2212
  : 1
  ? - "151"
    - I12
  : -1
  ? - "9"
    - X2132
  : 1
  ? - "138"
    - X2231
  : -90
  ? - "138"
    - X2212
  : -90
  ? - "1"
    - Z3
  : 1
  ? - "151"
    - X3211
  : -1
  ? - "13"
    - X6532
  : 1
  ? - "145"
    - SB36
  : -1
  ? - "48"
    - AM45
  : 1
  ? - "71"
    - X5431
  : 1
  ? - "138"
    - X1144
  : -135
  ? - "80"
    - E16
  : -0.0192
  ? - "35"
    - E14
  : -1
  ? - "23"
    - X4344
  : 1
  ? - "97"
    - O12
  : 1
  ? - "138"
    - X2223
  : -90
  ? - "138"
    - X3221
  : -66
  ? - "80"
    - E14
  : -0.0192
  ? - "11"
    - X4412
  : 1
  ? - "16"
    - SB33
  : 1
  ? - "18"
    - X5423
  : 1
  ? - "58"
    - D13
  : 1
  ? - "51"
    - E12
  : -10
  ? - "145"
    - SB14
  : -1
  ? - "3"
    - X2111
  : 1
  ? - "49"
    - E36
  : -1
  ? - "123"
    - X4312
  : 1
  ? - "38"
    - E31
  : 1
  ? - "23"
    - SB44
  : 1
  ? - "138"
    - X2221
  : -90
  ? - "143"
    - X3332
  : -1
  ? - "70"
    - X3331
  : 1
  ? - "149"
    - AM44
  : -1
  ? - "149"
    - AM33
  : -1
  ? - "137"
    - X6534
  : 1
  ? - "149"
    - AM45
  : -1
  ? - "143"
    - X5531
  : -1
  ? - "112"
    - O35
  : 1
  ? - "56"
    - X2111
  : 1
  ? - "69"
    - X2232
  : 1
  ? - "129"
    - X4423
  : 1
  ? - "45"
    - E32
  : -1
  ? - "139"
    - E36
  : -5.3999996
  ? - "138"
    - X3333
  : -66
  ? - "77"
    - D44
  : 1
  ? - "79"
    - O46
  : -1
  ? - "66"
    - E25
  : -470
  ? - "145"
    - SUM31
  : 1000
  ? - "57"
    - X3211
  : 1
  ? - "138"
    - X6512
  : -30
  ? - "113"
    - O36
  : 1
  ? - "25"
    - X6534
  : 1
  ? - "151"
    - X4334
  : -1
  ? - "93"
    - E26
  : -0.5
  ? - "83"
    - E46
  : -0.0192
  ? - "143"
    - X6631
  : -1
  ? - "73"
    - X6631
  : 1
  ? - "21"
    - X2234
  : 1
  ? - "1"
    - Z5
  : 1
  ? - "63"
    - E22
  : -235
  ? - "122"
    - X3312
  : 1
  ? - "138"
    - X2142
  : -90
  ? - "145"
    - SB32
  : -1
  ? - "145"
    - SB43
  : -1
  ? - "138"
    - X5544
  : -36
  ? - "54"
    - D15
  : 1
  ? - "151"
    - I44
  : -1
  ? - "70"
    - E33
  : -368.75
  ? - "55"
    - D26
  : 1
  ? - "37"
    - E26
  : 1
  ? - "29"
    - E14
  : 1
  ? - "10"
    - X3332
  : 1
  ? - "71"
    - D34
  : 1
  ? - "63"
    - O22
  : -1
  ? - "143"
    - X5542
  : -1
  ? - "17"
    - X4443
  : 1
  ? - "149"
    - AM13
  : -1
  ? - "12"
    - X5542
  : 1
  ? - "52"
    - E43
  : -18.75
  ? - "151"
    - X4322
  : -1
  ? - "143"
    - X1143
  : -1
  ? - "68"
    - X1131
  : 1
  ? - "71"
    - X4434
  : 1
  ? - "138"
    - X5434
  : -36
  ? - "112"
    - E35
  : -90
  ? - "53"
    - D44
  : 1
  ? - "79"
    - E46
  : -470
  ? - "18"
    - X5533
  : 1
  ? - "138"
    - X4431
  : -48
  ? - "75"
    - E42
  : -235
  ? - "152"
    - SUM61
  : -1
  ? - "20"
    - SB41
  : 1
  ? - "140"
    - O16
  : -14.849999
  ? - "18"
    - X5543
  : 1
  ? - "133"
    - X2134
  : 1
  ? - "151"
    - I21
  : -1
  ? - "143"
    - X5421
  : -1
  ? - "151"
    - X2133
  : -1
  ? - "65"
    - X5422
  : 1
  ? - "145"
    - SB22
  : -1
  ? - "67"
    - X6622
  : 1
  ? - "81"
    - E25
  : -0.0192
  ? - "74"
    - X2142
  : 1
  ? - "151"
    - I35
  : -1
  ? - "74"
    - I41
  : 1
  ? - "151"
    - X2134
  : -1
  ? - "145"
    - SB21
  : -1
  ? - "153"
    - SP4
  : -1
  ? - "58"
    - O13
  : -1
  ? - "34"
    - AP23
  : -1
  ? - "11"
    - X4322
  : 1
  ? - "138"
    - X6634
  : -30
  ? - "89"
    - E24
  : 1
  ? - "71"
    - X5434
  : 1
  ? - "62"
    - X1121
  : 1
  ? - "138"
    - X6642
  : -30
  ? - "138"
    - X4342
  : -48
  ? - "143"
    - X5543
  : -1
  ? - "141"
    - AP13
  : -20
  ? - "108"
    - E31
  : -100
  ? - "42"
    - AP35
  : -1
  ? - "138"
    - X1112
  : -135
  ? - "111"
    - E34
  : -90
  ? - "75"
    - X2244
  : 1
  ? - "74"
    - D41
  : 1
  ? - "138"
    - X5521
  : -36
  ? - "139"
    - E12
  : -25.5
  ? - "55"
    - D46
  : 1
  ? - "151"
    - X5422
  : -1
  ? - "140"
    - O26
  : -14.849999
  ? - "50"
    - SP1
  : 1
  ? - "91"
    - E46
  : -0.3333
  ? - "144"
    - SUM21
  : -1
  ? - "136"
    - X5434
  : 1
  ? - "72"
    - X6533
  : 1
  ? - "142"
    - SUM12
  : 1
  ? - "77"
    - X5444
  : 1
  ? - "151"
    - X2142
  : -1
  ? - "139"
    - SUM12
  : 1
  ? - "68"
    - I31
  : 1
  ? - "58"
    - E13
  : -368.75
  ? - "34"
    - E13
  : -1
  ? - "59"
    - D14
  : 1
  ? - "58"
    - X4311
  : 1
  ? - "78"
    - X6544
  : 1
  ? - "139"
    - E26
  : -5.3999996
  ? - "151"
    - X3232
  : -1
  ? - "11"
    - X4442
  : 1
  ? - "143"
    - X6532
  : -1
  ? - "138"
    - X4322
  : -48
  ? - "153"
    - SP1
  : -1
  ? - "151"
    - X2121
  : -1
  ? - "138"
    - X2122
  : -90
  ? - "15"
    - SB32
  : 1
  ? - "138"
    - X5523
  : -36
  ? - "145"
    - SB45
  : -1
  ? - "19"
    - X6543
  : 1
  ? - "64"
    - X4322
  : 1
  ? - "138"
    - X5444
  : -36
  ? - "52"
    - D43
  : 1
  ? - "72"
    - O35
  : -1
  ? - "83"
    - E45
  : -0.0192
  ? - "63"
    - D22
  : 1
  ? - "138"
    - X6622
  : -30
  ? - "138"
    - X2133
  : -90
  ? - "106"
    - E25
  : -90
  ? - "5"
    - X4311
  : 1
  ? - "1"
    - Z2
  : 1
  ? - "143"
    - X4421
  : -1
  ? - "138"
    - X3342
  : -66
  ? - "138"
    - X4412
  : -48
  ? - "141"
    - AM35
  : -15
  ? - "52"
    - SP3
  : 1
  ? - "140"
    - O25
  : -18.149994
  ? - "109"
    - O32
  : 1
  ? - "63"
    - I22
  : 1
  ? - "6"
    - X5511
  : 1
  ? - "147"
    - AP16
  : -1
  ? - "81"
    - E26
  : -0.0192
  ? - "149"
    - AM43
  : -1
  ? - "50"
    - D21
  : 1
  ? - "61"
    - D16
  : 1
  ? - "143"
    - X5442
  : -1
  ? - "149"
    - AM24
  : -1
  ? - "151"
    - I15
  : -1
  ? - "80"
    - E15
  : -0.0192
  ? - "143"
    - X2142
  : -1
  ? - "145"
    - SB26
  : -1
  ? - "139"
    - E14
  : -8.099999
  ? - "141"
    - AP23
  : -20
  ? - "78"
    - X5544
  : 1
  ? - "138"
    - X1111
  : -135
  ? - "85"
    - E25
  : -0.08329999
  ? - "87"
    - E44
  : -0.08329999
  ? - "41"
    - E24
  : -1
  ? - "118"
    - O45
  : 1
  ? - "74"
    - E41
  : -210
  ? - "140"
    - SUM13
  : 1000
  ? - "138"
    - X5533
  : -36
  ? - "138"
    - X2132
  : -90
  ? - "142"
    - SUM14
  : 1
  ? - "138"
    - X3322
  : -66
  ? - "12"
    - X5532
  : 1
  ? - "14"
    - X1143
  : 1
  ? - "65"
    - O24
  : -1
  ? - "70"
    - I33
  : 1
  ? - "88"
    - E16
  : -0.3333
  ? - "3"
    - X2121
  : 1
  ? - "59"
    - X5411
  : 1
  ? - "143"
    - X6643
  : -1
  ? - "138"
    - X3334
  : -66
  ? - "53"
    - D34
  : 1
  ? - "23"
    - X4434
  : 1
  ? - "86"
    - E33
  : 1
  ? - "68"
    - X2131
  : 1
  ? - "143"
    - X2242
  : -1
  ? - "151"
    - X3244
  : -1
  ? - "148"
    - SUM41
  : -1
  ? - "69"
    - X3232
  : 1
  ? - "70"
    - X3333
  : 1
  ? - "139"
    - E25
  : -6.5999994
  ? - "17"
    - X4323
  : 1
  ? - "68"
    - O31
  : -1
  ? - "72"
    - X6534
  : 1
  ? - "141"
    - AP14
  : -10
  ? - "151"
    - X4333
  : -1
  ? - "50"
    - D41
  : 1
  ? - "147"
    - SUM41
  : 1
  ? - "134"
    - X3234
  : 1
  ? - "28"
    - E13
  : 1
  ? - "151"
    - I43
  : -1
  ? - "145"
    - SB33
  : -1
  ? - "6"
    - X5431
  : 1
  ? - "65"
    - X5423
  : 1
  ? - "76"
    - O43
  : -1
  ? - "135"
    - X4334
  : 1
  ? - "19"
    - SB36
  : 1
  ? - "149"
    - AM23
  : -1
  ? - "76"
    - X4343
  : 1
  ? - "148"
    - Z4
  : 1
  ? - "47"
    - E44
  : 1
  ? - "64"
    - X4323
  : 1
  ? - "149"
    - AM26
  : -1
  ? - "78"
    - X6542
  : 1
  ? - "57"
    - O12
  : -1
  ? - "139"
    - E45
  : -6.5999994
  ? - "151"
    - X3221
  : -1
  ? - "139"
    - E22
  : -25.5
  ? - "77"
    - X4444
  : 1
  ? - "138"
    - X5421
  : -36
  ? - "138"
    - X3312
  : -66
  ? - "39"
    - E32
  : 1
  ? - "66"
    - X6523
  : 1
  ? - "68"
    - E31
  : -210
  ? - "151"
    - X2122
  : -1
  ? - "139"
    - E21
  : -37.5
  ? - "141"
    - AM16
  : -6
  ? - "41"
    - E34
  : 1
  ? - "134"
    - X3334
  : 1
  ? - "37"
    - E16
  : -1
  ? - "61"
    - X6611
  : 1
  ? - "67"
    - X6623
  : 1
  ? - "138"
    - X6643
  : -30
  ? - "138"
    - X3343
  : -66
  ? - "11"
    - X4332
  : 1
  ? - "115"
    - E42
  : -112.5
  ? - "145"
    - SB24
  : -1
  ? - "138"
    - X5422
  : -36
  ? - "57"
    - I12
  : 1
  ? - "87"
    - E45
  : -0.08329999
  ? - "63"
    - X3223
  : 1
  ? - "83"
    - E43
  : -0.0192
  ? - "9"
    - SB22
  : 1
  ? - "151"
    - X5423
  : -1
  ? - "24"
    - X5534
  : 1
  ? - "100"
    - O15
  : 1
  ? - "151"
    - I33
  : -1
  ? - "50"
    - E31
  : -10
  ? - "19"
    - X6633
  : 1
  ? - "3"
    - X2211
  : 1
  ? - "138"
    - X4443
  : -48
  ? - "106"
    - O25
  : 1
  ? - "138"
    - X5412
  : -36
  ? - "151"
    - X5421
  : -1
  ? - "85"
    - E26
  : -0.08329999
  ? - "154"
    - Z7
  : 1
  ? - "78"
    - X5542
  : 1
  ? - "67"
    - I26
  : 1
  ? - "50"
    - D11
  : 1
  ? - "16"
    - X3323
  : 1
  ? - "139"
    - E44
  : -8.099999
  ? - "4"
    - X3321
  : 1
  ? - "151"
    - X4343
  : -1
  ? - "138"
    - X2144
  : -90
  ? - "66"
    - O25
  : -1
  ? - "92"
    - E15
  : 1
  ? - "9"
    - X2242
  : 1
  ? - "8"
    - SB21
  : 1
  ? - "141"
    - AP33
  : -20
  ? - "47"
    - AM44
  : 1
  ? - "151"
    - I41
  : -1
  ? - "154"
    - SUM71
  : -1
  ? - "73"
    - E36
  : -470
  ? - "63"
    - X2221
  : 1
  ? - "30"
    - E15
  : 1
  ? - "81"
    - E22
  : 1
rhs:
  RHS:
    "4": 2079
    "7": 8019
    "23": 7128
    "131": 2673
    "11": 14256
    "13": 21384
    "25": 10692
    "21": 594
    "28": 9
    "121": 237.59999
    "128": 693
    "137": 2138.4
    "14": 220
    "30": 18
    "134": 554.3999
    "130": 1782
    "19": 13365
    "8": 352
    "9": 1188
    "122": 1108.7998
    "123": 2851.2
    "127": 148.59999
    "26": 1
    "10": 5544
    "17": 8910
    "16": 3465
    "120": 70.399994
    "20": 176
    "132": 35.199997
    "142": -13.049999
    "22": 2772
    "29": 18
    "24": 7128
    "5": 5346
    "6": 5346
    "126": 44
    "136": 1425.5999
    "18": 8910
    "133": 118.79999
    "2": 132
    "3": 446
    "27": 3
    "31": 27
    "124": 2851.2
    "125": 4276.797
    "129": 1782
    "12": 14256
    "15": 743
    "135": 1425.5999
bounds: {}
ranges: {}

