---
source: tests/model.rs
expression: model
---
name: AFIRO
row_types:
  X47: Leq
  X17: Leq
  X48: Leq
  X49: Leq
  X51: Leq
  R12: Eq
  X19: Leq
  R23: Eq
  R09: Eq
  X20: Leq
  COST: Nr
  X27: Leq
  R22: Eq
  X44: Leq
  X05: Leq
  X18: Leq
  R13: Eq
  X50: Leq
  R19: Eq
  X21: Leq
  R20: Eq
  X46: Leq
  R10: Eq
  X40: Leq
  X41: Leq
  X42: Leq
  X43: Leq
  X45: Leq
values:
  ? - X45
    - X35
  : 2.279
  ? - X45
    - X13
  : 2.429
  ? - R12
    - X09
  : -1
  ? - R10
    - X04
  : 1
  ? - R12
    - X15
  : 1
  ? - X51
    - X16
  : 1
  ? - X48
    - X24
  : -1
  ? - R13
    - X06
  : -1.06
  ? - X47
    - X15
  : -1
  ? - R19
    - X25
  : 1
  ? - X18
    - X07
  : 1
  ? - X19
    - X12
  : -1
  ? - R13
    - X08
  : -0.96
  ? - X20
    - X13
  : -1
  ? - X45
    - X25
  : -1
  ? - X43
    - X31
  : 1
  ? - X40
    - X32
  : -1
  ? - R23
    - X37
  : 1
  ? - X45
    - X11
  : 2.386
  ? - X40
    - X28
  : 1
  ? - R10
    - X01
  : -1.06
  ? - X45
    - X33
  : 2.219
  ? - X50
    - X26
  : 1
  ? - X46
    - X03
  : -1
  ? - X20
    - X09
  : 1
  ? - X49
    - X06
  : 0.301
  ? - R22
    - X38
  : 1
  ? - X18
    - X11
  : -1
  ? - X49
    - X07
  : 0.313
  ? - R22
    - X28
  : -0.43
  ? - X45
    - X34
  : 2.249
  ? - X47
    - X31
  : 0.107
  ? - X27
    - X22
  : 1
  ? - R22
    - X30
  : -0.39
  ? - R12
    - X14
  : 1
  ? - X21
    - X02
  : -1
  ? - X19
    - X08
  : 1
  ? - R09
    - X01
  : -1
  ? - R22
    - X31
  : -0.37
  ? - R23
    - X31
  : 1
  ? - X45
    - X10
  : 2.364
  ? - X48
    - X01
  : 0.301
  ? - X47
    - X28
  : 0.109
  ? - X45
    - X32
  : 2.191
  ? - X49
    - X08
  : 0.313
  ? - R23
    - X28
  : 1
  ? - R23
    - X30
  : 1
  ? - R13
    - X07
  : -1.06
  ? - R23
    - X39
  : 1
  ? - R12
    - X08
  : -1
  ? - X45
    - X12
  : 2.408
  ? - X46
    - X22
  : 0.109
  ? - X17
    - X10
  : -1
  ? - R20
    - X26
  : 1
  ? - R20
    - X22
  : -0.43
  ? - X51
    - X38
  : 1
  ? - R13
    - X16
  : 1
  ? - X42
    - X34
  : -1
  ? - COST
    - X02
  : -0.4
  ? - X49
    - X09
  : 0.326
  ? - R19
    - X24
  : 1
  ? - X17
    - X06
  : 1
  ? - COST
    - X14
  : -0.32
  ? - R19
    - X23
  : 1
  ? - X05
    - X01
  : 1
  ? - R22
    - X29
  : -0.43
  ? - R09
    - X03
  : 1
  ? - R23
    - X29
  : 1
  ? - R12
    - X07
  : -1
  ? - X41
    - X33
  : -1
  ? - R09
    - X02
  : 1
  ? - X49
    - X37
  : -1
  ? - X41
    - X29
  : 1
  ? - R23
    - X36
  : -1
  ? - X44
    - X36
  : 1.4
  ? - X50
    - X04
  : 1
  ? - X42
    - X30
  : 1
  ? - COST
    - X36
  : -0.48
  ? - X21
    - X14
  : 1.4
  ? - R13
    - X09
  : -0.86
  ? - X44
    - X23
  : -1
  ? - COST
    - X39
  : 10
  ? - X47
    - X30
  : 0.108
  ? - COST
    - X23
  : -0.6
  ? - R19
    - X22
  : -1
  ? - R12
    - X06
  : -1
  ? - X47
    - X29
  : 0.108
  ? - X43
    - X35
  : -1
rhs:
  B:
    X51: 300
    X05: 80
    X17: 80
    X27: 500
    X40: 500
    X50: 310
    R23: 44
bounds: {}
ranges: {}

